((a * b) + c)
((a * b) + (c * d))
((z / b) - (c / d))
((a * b) * c)
(a * (- b))
(((a % b) / c) * d)
(((a % b) / (- c)) * d)
(a & (b - (c * d)))
((a & b) | c)
((a & (b - c)) |  d)
((a & b) | (c ^ d))
((- a) - b)
(1 + 4)