(int32 [45] array)
(array [34])
((array [2]) = (array [4]))
((array [:]) = (array [: : (- 1)]))
((var k) : (string [3]))
((var l) : (k [: : (- 1)]))