import 'a'
import 'b'
import 'foo/bar'
import 'foo/bar' as foo