[:]
[a :]
[a : b]
[a : b : c]
([a : b] & [c : d])
([a : b] | [c : d])
([a : b] ^ [c : d])
[a in b]
(a [:])
((a [:]) = (b [c : d]))
((a [:]) = ((b [c : d]) | (e [f : g])))
((a [:]) = b)