10
7849200011
42
100
10
-14
32
5.000000
4
0.500000
7
-40
3
3.500000